NameError: Error de sintaxis: Aridad de funciones invalido