NameError: Error de sintaxis: Nombre de funcion invalido